   ▲ Next.js 15.5.25

(node:774527) Warning: The 'NO_COLOR' env is ignored due to the 'FORCE_COLOR' env being set.
(Use `node --trace-warnings ...` to show where the warning was created)
   Creating an optimized production build ...
(node:775300) Warning: The 'NO_COLOR' env is ignored due to the 'FORCE_COLOR' env being set.
(Use `node --trace-warnings ...` to show where the warning was created)
 ✓ Compiled successfully in 44s
   Linting and checking validity of types ...
   Collecting page data ...
   Generating static pages (0/46) ...
   Generating static pages (11/46) 
   Generating static pages (22/46) 
   Generating static pages (34/46) 
 ✓ Generating static pages (46/46)
   Finalizing page optimization ...
   Collecting build traces ...

Route (app)                                    Size  First Load JS
┌ ○ /                                         568 B         134 kB
├ ○ /_not-found                               991 B         104 kB
├ ƒ /api/health                               137 B         103 kB
├ ƒ /api/submit                               137 B         103 kB
├ ○ /blog                                     167 B         106 kB
├ ○ /case-studies                             446 B         134 kB
├ ○ /contact                                1.38 kB         132 kB
├ ○ /growth-framework                         167 B         106 kB
├ ● /industries/[slug]                        446 B         134 kB
├   ├ /industries/healthcare-life-sciences
├   ├ /industries/financial-services
├   ├ /industries/technology-saas
├   └ [+7 more paths]
├ ○ /insights                                 167 B         106 kB
├ ● /platforms/[slug]                         446 B         134 kB
├   ├ /platforms/artificial-intelligence
├   ├ /platforms/machine-learning-models
├   ├ /platforms/predictive-analytics
├   └ [+5 more paths]
├ ○ /platforms/catalyst                       446 B         134 kB
├ ○ /platforms/genesis                        446 B         134 kB
├ ○ /platforms/oracle                         446 B         134 kB
├ ○ /platforms/velocity-ai                    446 B         134 kB
├ ○ /privacy                                  137 B         103 kB
├ ○ /robots.txt                               137 B         103 kB
├ ● /services/[slug]                          446 B         134 kB
├   ├ /services/ai-powered-strategy
├   ├ /services/marketing-intelligence
├   ├ /services/creative-development
├   └ [+8 more paths]
├ ○ /sitemap.xml                              137 B         103 kB
└ ○ /terms                                    137 B         103 kB
+ First Load JS shared by all                103 kB
  ├ chunks/255-37e0f0325134c4d7.js          46.4 kB
  ├ chunks/4bd1b696-c023c6e3521b1417.js     54.2 kB
  └ other shared chunks (total)              1.9 kB


○  (Static)   prerendered as static content
●  (SSG)      prerendered as static HTML (uses generateStaticParams)
ƒ  (Dynamic)  server-rendered on demand

