[2mVercel CLI 62.2.0 (Node.js 20.19.5)[22m
The [90m"[39m[1m--name[22m[90m"[39m option is deprecated (https://vercel.link/name-flag)
Deploying [1mtmg-41[22m
Uploading [0m[--------------------] (0.0B/4.4KB)[0m
Uploading [0m[=============-------] (3.0KB/4.4KB)[0m
Uploading [0m[==============------] (3.2KB/4.4KB)[0m
Uploading [0m[====================] (4.4KB/4.4KB)[0m
  [1mInspect         [22m[1m[36mhttps://vercel.com/slubbles-projects/tmg-41/HvHLi2Jf6iyDpnhZZG9Kn8YXaKKL[39m[22m
  [1mProduction      [22m[1m[36mhttps://tmg-41-5vio6yfdl-slubbles-projects.vercel.app[39m[22m
https://tmg-41-5vio6yfdl-slubbles-projects.vercel.appBuilding…
Building…
Running build in Washington, D.C., USA (East) – iad1
Build machine configuration: 2 cores, 8 GB
Retrieving list of deployment files...
Downloading 65 deployment files...
Restored build cache from previous deployment (GyLE1HNFH93oVA1ze1EXfyGMPN8a)
Running "vercel build"
Vercel CLI 62.1.0
Detected `bun.lock` generated by bun@1.4.x
Your application is being built using `next build`. If you need to define a different build step, please create a `vercel-build` script in your `package.json` (e.g. `{ "scripts": { "vercel-build": "npm run prepare && next build" } }`).
Installing dependencies...
bun install v1.4.1 (4661e494f)
Checked 539 installs across 615 packages (no changes) [178.00ms]
Detected Next.js version: 15.5.25
Running "bun run vercel-build"
$ next build
▲ Next.js 15.5.25
Creating an optimized production build ...
✓ Compiled successfully in 7.7s
Linting and checking validity of types ...
Collecting page data ...
Generating static pages (0/46) ...
Generating static pages (11/46)
Generating static pages (22/46)
Generating static pages (34/46)
✓ Generating static pages (46/46)
Finalizing page optimization ...
Collecting build traces ...
Route (app)                                    Size  First Load JS
┌ ○ /                                         567 B         134 kB
├ ○ /_not-found                               994 B         104 kB
├ ƒ /api/health                               137 B         103 kB
├ ƒ /api/submit                               137 B         103 kB
├ ○ /blog                                     167 B         106 kB
├ ○ /case-studies                             446 B         134 kB
├ ○ /contact                                1.38 kB         132 kB
├ ○ /growth-framework                         167 B         106 kB
├ ● /industries/[slug]                        446 B         134 kB
├   ├ /industries/healthcare-life-sciences
├   ├ /industries/financial-services
├   ├ /industries/technology-saas
├   └ [+7 more paths]
├ ○ /insights                                 167 B         106 kB
├ ● /platforms/[slug]                         446 B         134 kB
├   ├ /platforms/artificial-intelligence
├   ├ /platforms/machine-learning-models
├   ├ /platforms/predictive-analytics
├   └ [+5 more paths]
├ ○ /platforms/catalyst                       446 B         134 kB
├ ○ /platforms/genesis                        446 B         134 kB
├ ○ /platforms/oracle                         446 B         134 kB
├ ○ /platforms/velocity-ai                    446 B         134 kB
├ ○ /privacy                                  137 B         103 kB
├ ○ /robots.txt                               137 B         103 kB
├ ● /services/[slug]                          446 B         134 kB
├   ├ /services/ai-powered-strategy
├   ├ /services/marketing-intelligence
├   ├ /services/creative-development
├   └ [+8 more paths]
├ ○ /sitemap.xml                              137 B         103 kB
└ ○ /terms                                    137 B         103 kB
+ First Load JS shared by all                103 kB
├ chunks/255-37e0f0325134c4d7.js          46.4 kB
├ chunks/4bd1b696-c023c6e3521b1417.js     54.2 kB
└ other shared chunks (total)              1.9 kB
○  (Static)   prerendered as static content
●  (SSG)      prerendered as static HTML (uses generateStaticParams)
ƒ  (Dynamic)  server-rendered on demand
Traced Next.js server files in: 148.657ms
Created all serverless functions in: 216.398ms
Collected static files (public/, static/, .next/static): 6.735ms
Build Completed in /vercel/output [1m]
Deploying outputs...
[2K[1A[2K[G  [1mProduction      [22m[1m[36mhttps://tmg-41-5vio6yfdl-slubbles-projects.vercel.app[39m[22m
Completing…
▲ [1mAliased         [22m[1m[36mhttps://tmg-41.vercel.app[39m[22m

[32m✓[39m [1mReady[22m [2min 1m[22m

[33m![39m Deployment Protection is on for this project (Vercel Authentication). Use [36m`vercel curl`[39m to access it.

[2mNext steps:[22m
[2m- Check the production response:[22m
[2m  vercel curl https://tmg-41.vercel.app[22m
[2m- View build logs:[22m
[2m  vercel inspect tmg-41-5vio6yfdl-slubbles-projects.vercel.app --logs[22m
[2m- Create a new deployment from the same source:[22m
[2m  vercel redeploy tmg-41-5vio6yfdl-slubbles-projects.vercel.app[22m
